// Jest Snapshot v1, https://goo.gl/fbAQLP

exports[`render 1`] = `
<div>
  <div
    className="board"
  >
    <div
      className="boardImage"
    >
      <div
        style={
          Object {
            "boxSizing": "border-box",
            "display": "inline-block",
            "margin": 0,
            "maxWidth": "100%",
            "overflow": "hidden",
            "position": "relative",
          }
        }
      >
        <div
          style={
            Object {
              "boxSizing": "border-box",
              "display": "block",
              "maxWidth": "100%",
            }
          }
        >
          <img
            alt=""
            aria-hidden={true}
            src="data:image/svg+xml;base64,PHN2ZyB3aWR0aD0iNTAwIiBoZWlnaHQ9IjUwMCIgeG1sbnM9Imh0dHA6Ly93d3cudzMub3JnLzIwMDAvc3ZnIiB2ZXJzaW9uPSIxLjEiLz4="
            style={
              Object {
                "border": "none",
                "display": "block",
                "margin": 0,
                "maxWidth": "100%",
                "padding": 0,
              }
            }
          />
        </div>
        <img
          alt="board-1"
          data-nimg="intrinsic"
          decoding="async"
          draggable="false"
          id="board-1"
          src="/_next/image?url=%2Fboard.png&w=1080&q=75"
          srcSet="/_next/image?url=%2Fboard.png&w=640&q=75 1x, /_next/image?url=%2Fboard.png&w=1080&q=75 2x"
          style={
            Object {
              "border": "none",
              "bottom": 0,
              "boxSizing": "border-box",
              "display": "block",
              "height": 0,
              "left": 0,
              "margin": "auto",
              "maxHeight": "100%",
              "maxWidth": "100%",
              "minHeight": "100%",
              "minWidth": "100%",
              "objectFit": undefined,
              "objectPosition": undefined,
              "padding": 0,
              "position": "absolute",
              "right": 0,
              "top": 0,
              "width": 0,
            }
          }
        />
        <noscript>
          <img
            alt="board-1"
            data-nimg="intrinsic"
            decoding="async"
            draggable="false"
            id="board-1"
            loading="lazy"
            src="/_next/image?url=%2Fboard.png&w=1080&q=75"
            srcSet="/_next/image?url=%2Fboard.png&w=640&q=75 1x, /_next/image?url=%2Fboard.png&w=1080&q=75 2x"
            style={
              Object {
                "border": "none",
                "bottom": 0,
                "boxSizing": "border-box",
                "display": "block",
                "height": 0,
                "left": 0,
                "margin": "auto",
                "maxHeight": "100%",
                "maxWidth": "100%",
                "minHeight": "100%",
                "minWidth": "100%",
                "objectFit": undefined,
                "objectPosition": undefined,
                "padding": 0,
                "position": "absolute",
                "right": 0,
                "top": 0,
                "width": 0,
              }
            }
          />
        </noscript>
      </div>
    </div>
    <div
      className="boardSquares"
    >
      <div>
        <button
          className="square"
          id="board-2-square-1"
          onClick={[Function]}
        >
          <div
            style={
              Object {
                "boxSizing": "border-box",
                "display": "inline-block",
                "margin": 0,
                "maxWidth": "100%",
                "overflow": "hidden",
                "position": "relative",
              }
            }
          >
            <div
              style={
                Object {
                  "boxSizing": "border-box",
                  "display": "block",
                  "maxWidth": "100%",
                }
              }
            >
              <img
                alt=""
                aria-hidden={true}
                src="data:image/svg+xml;base64,PHN2ZyB3aWR0aD0iMjAwIiBoZWlnaHQ9IjIwMCIgeG1sbnM9Imh0dHA6Ly93d3cudzMub3JnLzIwMDAvc3ZnIiB2ZXJzaW9uPSIxLjEiLz4="
                style={
                  Object {
                    "border": "none",
                    "display": "block",
                    "margin": 0,
                    "maxWidth": "100%",
                    "padding": 0,
                  }
                }
              />
            </div>
            <img
              alt="clear-marker-board-2-square-1"
              data-nimg="intrinsic"
              decoding="async"
              draggable="false"
              id="clear-marker-board-2-square-1"
              src="/_next/image?url=%2Fplayer-marker%2Fclear.png&w=640&q=75"
              srcSet="/_next/image?url=%2Fplayer-marker%2Fclear.png&w=256&q=75 1x, /_next/image?url=%2Fplayer-marker%2Fclear.png&w=640&q=75 2x"
              style={
                Object {
                  "border": "none",
                  "bottom": 0,
                  "boxSizing": "border-box",
                  "display": "block",
                  "height": 0,
                  "left": 0,
                  "margin": "auto",
                  "maxHeight": "100%",
                  "maxWidth": "100%",
                  "minHeight": "100%",
                  "minWidth": "100%",
                  "objectFit": undefined,
                  "objectPosition": undefined,
                  "padding": 0,
                  "position": "absolute",
                  "right": 0,
                  "top": 0,
                  "width": 0,
                }
              }
            />
            <noscript>
              <img
                alt="clear-marker-board-2-square-1"
                data-nimg="intrinsic"
                decoding="async"
                draggable="false"
                id="clear-marker-board-2-square-1"
                loading="lazy"
                src="/_next/image?url=%2Fplayer-marker%2Fclear.png&w=640&q=75"
                srcSet="/_next/image?url=%2Fplayer-marker%2Fclear.png&w=256&q=75 1x, /_next/image?url=%2Fplayer-marker%2Fclear.png&w=640&q=75 2x"
                style={
                  Object {
                    "border": "none",
                    "bottom": 0,
                    "boxSizing": "border-box",
                    "display": "block",
                    "height": 0,
                    "left": 0,
                    "margin": "auto",
                    "maxHeight": "100%",
                    "maxWidth": "100%",
                    "minHeight": "100%",
                    "minWidth": "100%",
                    "objectFit": undefined,
                    "objectPosition": undefined,
                    "padding": 0,
                    "position": "absolute",
                    "right": 0,
                    "top": 0,
                    "width": 0,
                  }
                }
              />
            </noscript>
          </div>
        </button>
        <button
          className="square"
          id="board-2-square-2"
          onClick={[Function]}
        >
          <div
            style={
              Object {
                "boxSizing": "border-box",
                "display": "inline-block",
                "margin": 0,
                "maxWidth": "100%",
                "overflow": "hidden",
                "position": "relative",
              }
            }
          >
            <div
              style={
                Object {
                  "boxSizing": "border-box",
                  "display": "block",
                  "maxWidth": "100%",
                }
              }
            >
              <img
                alt=""
                aria-hidden={true}
                src="data:image/svg+xml;base64,PHN2ZyB3aWR0aD0iMjAwIiBoZWlnaHQ9IjIwMCIgeG1sbnM9Imh0dHA6Ly93d3cudzMub3JnLzIwMDAvc3ZnIiB2ZXJzaW9uPSIxLjEiLz4="
                style={
                  Object {
                    "border": "none",
                    "display": "block",
                    "margin": 0,
                    "maxWidth": "100%",
                    "padding": 0,
                  }
                }
              />
            </div>
            <img
              alt="clear-marker-board-2-square-2"
              data-nimg="intrinsic"
              decoding="async"
              draggable="false"
              id="clear-marker-board-2-square-2"
              src="/_next/image?url=%2Fplayer-marker%2Fclear.png&w=640&q=75"
              srcSet="/_next/image?url=%2Fplayer-marker%2Fclear.png&w=256&q=75 1x, /_next/image?url=%2Fplayer-marker%2Fclear.png&w=640&q=75 2x"
              style={
                Object {
                  "border": "none",
                  "bottom": 0,
                  "boxSizing": "border-box",
                  "display": "block",
                  "height": 0,
                  "left": 0,
                  "margin": "auto",
                  "maxHeight": "100%",
                  "maxWidth": "100%",
                  "minHeight": "100%",
                  "minWidth": "100%",
                  "objectFit": undefined,
                  "objectPosition": undefined,
                  "padding": 0,
                  "position": "absolute",
                  "right": 0,
                  "top": 0,
                  "width": 0,
                }
              }
            />
            <noscript>
              <img
                alt="clear-marker-board-2-square-2"
                data-nimg="intrinsic"
                decoding="async"
                draggable="false"
                id="clear-marker-board-2-square-2"
                loading="lazy"
                src="/_next/image?url=%2Fplayer-marker%2Fclear.png&w=640&q=75"
                srcSet="/_next/image?url=%2Fplayer-marker%2Fclear.png&w=256&q=75 1x, /_next/image?url=%2Fplayer-marker%2Fclear.png&w=640&q=75 2x"
                style={
                  Object {
                    "border": "none",
                    "bottom": 0,
                    "boxSizing": "border-box",
                    "display": "block",
                    "height": 0,
                    "left": 0,
                    "margin": "auto",
                    "maxHeight": "100%",
                    "maxWidth": "100%",
                    "minHeight": "100%",
                    "minWidth": "100%",
                    "objectFit": undefined,
                    "objectPosition": undefined,
                    "padding": 0,
                    "position": "absolute",
                    "right": 0,
                    "top": 0,
                    "width": 0,
                  }
                }
              />
            </noscript>
          </div>
        </button>
        <button
          className="square"
          id="board-2-square-3"
          onClick={[Function]}
        >
          <div
            style={
              Object {
                "boxSizing": "border-box",
                "display": "inline-block",
                "margin": 0,
                "maxWidth": "100%",
                "overflow": "hidden",
                "position": "relative",
              }
            }
          >
            <div
              style={
                Object {
                  "boxSizing": "border-box",
                  "display": "block",
                  "maxWidth": "100%",
                }
              }
            >
              <img
                alt=""
                aria-hidden={true}
                src="data:image/svg+xml;base64,PHN2ZyB3aWR0aD0iMjAwIiBoZWlnaHQ9IjIwMCIgeG1sbnM9Imh0dHA6Ly93d3cudzMub3JnLzIwMDAvc3ZnIiB2ZXJzaW9uPSIxLjEiLz4="
                style={
                  Object {
                    "border": "none",
                    "display": "block",
                    "margin": 0,
                    "maxWidth": "100%",
                    "padding": 0,
                  }
                }
              />
            </div>
            <img
              alt="clear-marker-board-2-square-3"
              data-nimg="intrinsic"
              decoding="async"
              draggable="false"
              id="clear-marker-board-2-square-3"
              src="/_next/image?url=%2Fplayer-marker%2Fclear.png&w=640&q=75"
              srcSet="/_next/image?url=%2Fplayer-marker%2Fclear.png&w=256&q=75 1x, /_next/image?url=%2Fplayer-marker%2Fclear.png&w=640&q=75 2x"
              style={
                Object {
                  "border": "none",
                  "bottom": 0,
                  "boxSizing": "border-box",
                  "display": "block",
                  "height": 0,
                  "left": 0,
                  "margin": "auto",
                  "maxHeight": "100%",
                  "maxWidth": "100%",
                  "minHeight": "100%",
                  "minWidth": "100%",
                  "objectFit": undefined,
                  "objectPosition": undefined,
                  "padding": 0,
                  "position": "absolute",
                  "right": 0,
                  "top": 0,
                  "width": 0,
                }
              }
            />
            <noscript>
              <img
                alt="clear-marker-board-2-square-3"
                data-nimg="intrinsic"
                decoding="async"
                draggable="false"
                id="clear-marker-board-2-square-3"
                loading="lazy"
                src="/_next/image?url=%2Fplayer-marker%2Fclear.png&w=640&q=75"
                srcSet="/_next/image?url=%2Fplayer-marker%2Fclear.png&w=256&q=75 1x, /_next/image?url=%2Fplayer-marker%2Fclear.png&w=640&q=75 2x"
                style={
                  Object {
                    "border": "none",
                    "bottom": 0,
                    "boxSizing": "border-box",
                    "display": "block",
                    "height": 0,
                    "left": 0,
                    "margin": "auto",
                    "maxHeight": "100%",
                    "maxWidth": "100%",
                    "minHeight": "100%",
                    "minWidth": "100%",
                    "objectFit": undefined,
                    "objectPosition": undefined,
                    "padding": 0,
                    "position": "absolute",
                    "right": 0,
                    "top": 0,
                    "width": 0,
                  }
                }
              />
            </noscript>
          </div>
        </button>
      </div>
      <div>
        <button
          className="square"
          id="board-2-square-4"
          onClick={[Function]}
        >
          <div
            style={
              Object {
                "boxSizing": "border-box",
                "display": "inline-block",
                "margin": 0,
                "maxWidth": "100%",
                "overflow": "hidden",
                "position": "relative",
              }
            }
          >
            <div
              style={
                Object {
                  "boxSizing": "border-box",
                  "display": "block",
                  "maxWidth": "100%",
                }
              }
            >
              <img
                alt=""
                aria-hidden={true}
                src="data:image/svg+xml;base64,PHN2ZyB3aWR0aD0iMjAwIiBoZWlnaHQ9IjIwMCIgeG1sbnM9Imh0dHA6Ly93d3cudzMub3JnLzIwMDAvc3ZnIiB2ZXJzaW9uPSIxLjEiLz4="
                style={
                  Object {
                    "border": "none",
                    "display": "block",
                    "margin": 0,
                    "maxWidth": "100%",
                    "padding": 0,
                  }
                }
              />
            </div>
            <img
              alt="clear-marker-board-2-square-4"
              data-nimg="intrinsic"
              decoding="async"
              draggable="false"
              id="clear-marker-board-2-square-4"
              src="/_next/image?url=%2Fplayer-marker%2Fclear.png&w=640&q=75"
              srcSet="/_next/image?url=%2Fplayer-marker%2Fclear.png&w=256&q=75 1x, /_next/image?url=%2Fplayer-marker%2Fclear.png&w=640&q=75 2x"
              style={
                Object {
                  "border": "none",
                  "bottom": 0,
                  "boxSizing": "border-box",
                  "display": "block",
                  "height": 0,
                  "left": 0,
                  "margin": "auto",
                  "maxHeight": "100%",
                  "maxWidth": "100%",
                  "minHeight": "100%",
                  "minWidth": "100%",
                  "objectFit": undefined,
                  "objectPosition": undefined,
                  "padding": 0,
                  "position": "absolute",
                  "right": 0,
                  "top": 0,
                  "width": 0,
                }
              }
            />
            <noscript>
              <img
                alt="clear-marker-board-2-square-4"
                data-nimg="intrinsic"
                decoding="async"
                draggable="false"
                id="clear-marker-board-2-square-4"
                loading="lazy"
                src="/_next/image?url=%2Fplayer-marker%2Fclear.png&w=640&q=75"
                srcSet="/_next/image?url=%2Fplayer-marker%2Fclear.png&w=256&q=75 1x, /_next/image?url=%2Fplayer-marker%2Fclear.png&w=640&q=75 2x"
                style={
                  Object {
                    "border": "none",
                    "bottom": 0,
                    "boxSizing": "border-box",
                    "display": "block",
                    "height": 0,
                    "left": 0,
                    "margin": "auto",
                    "maxHeight": "100%",
                    "maxWidth": "100%",
                    "minHeight": "100%",
                    "minWidth": "100%",
                    "objectFit": undefined,
                    "objectPosition": undefined,
                    "padding": 0,
                    "position": "absolute",
                    "right": 0,
                    "top": 0,
                    "width": 0,
                  }
                }
              />
            </noscript>
          </div>
        </button>
        <button
          className="square"
          id="board-2-square-5"
          onClick={[Function]}
        >
          <div
            style={
              Object {
                "boxSizing": "border-box",
                "display": "inline-block",
                "margin": 0,
                "maxWidth": "100%",
                "overflow": "hidden",
                "position": "relative",
              }
            }
          >
            <div
              style={
                Object {
                  "boxSizing": "border-box",
                  "display": "block",
                  "maxWidth": "100%",
                }
              }
            >
              <img
                alt=""
                aria-hidden={true}
                src="data:image/svg+xml;base64,PHN2ZyB3aWR0aD0iMjAwIiBoZWlnaHQ9IjIwMCIgeG1sbnM9Imh0dHA6Ly93d3cudzMub3JnLzIwMDAvc3ZnIiB2ZXJzaW9uPSIxLjEiLz4="
                style={
                  Object {
                    "border": "none",
                    "display": "block",
                    "margin": 0,
                    "maxWidth": "100%",
                    "padding": 0,
                  }
                }
              />
            </div>
            <img
              alt="clear-marker-board-2-square-5"
              data-nimg="intrinsic"
              decoding="async"
              draggable="false"
              id="clear-marker-board-2-square-5"
              src="/_next/image?url=%2Fplayer-marker%2Fclear.png&w=640&q=75"
              srcSet="/_next/image?url=%2Fplayer-marker%2Fclear.png&w=256&q=75 1x, /_next/image?url=%2Fplayer-marker%2Fclear.png&w=640&q=75 2x"
              style={
                Object {
                  "border": "none",
                  "bottom": 0,
                  "boxSizing": "border-box",
                  "display": "block",
                  "height": 0,
                  "left": 0,
                  "margin": "auto",
                  "maxHeight": "100%",
                  "maxWidth": "100%",
                  "minHeight": "100%",
                  "minWidth": "100%",
                  "objectFit": undefined,
                  "objectPosition": undefined,
                  "padding": 0,
                  "position": "absolute",
                  "right": 0,
                  "top": 0,
                  "width": 0,
                }
              }
            />
            <noscript>
              <img
                alt="clear-marker-board-2-square-5"
                data-nimg="intrinsic"
                decoding="async"
                draggable="false"
                id="clear-marker-board-2-square-5"
                loading="lazy"
                src="/_next/image?url=%2Fplayer-marker%2Fclear.png&w=640&q=75"
                srcSet="/_next/image?url=%2Fplayer-marker%2Fclear.png&w=256&q=75 1x, /_next/image?url=%2Fplayer-marker%2Fclear.png&w=640&q=75 2x"
                style={
                  Object {
                    "border": "none",
                    "bottom": 0,
                    "boxSizing": "border-box",
                    "display": "block",
                    "height": 0,
                    "left": 0,
                    "margin": "auto",
                    "maxHeight": "100%",
                    "maxWidth": "100%",
                    "minHeight": "100%",
                    "minWidth": "100%",
                    "objectFit": undefined,
                    "objectPosition": undefined,
                    "padding": 0,
                    "position": "absolute",
                    "right": 0,
                    "top": 0,
                    "width": 0,
                  }
                }
              />
            </noscript>
          </div>
        </button>
        <button
          className="square"
          id="board-2-square-6"
          onClick={[Function]}
        >
          <div
            style={
              Object {
                "boxSizing": "border-box",
                "display": "inline-block",
                "margin": 0,
                "maxWidth": "100%",
                "overflow": "hidden",
                "position": "relative",
              }
            }
          >
            <div
              style={
                Object {
                  "boxSizing": "border-box",
                  "display": "block",
                  "maxWidth": "100%",
                }
              }
            >
              <img
                alt=""
                aria-hidden={true}
                src="data:image/svg+xml;base64,PHN2ZyB3aWR0aD0iMjAwIiBoZWlnaHQ9IjIwMCIgeG1sbnM9Imh0dHA6Ly93d3cudzMub3JnLzIwMDAvc3ZnIiB2ZXJzaW9uPSIxLjEiLz4="
                style={
                  Object {
                    "border": "none",
                    "display": "block",
                    "margin": 0,
                    "maxWidth": "100%",
                    "padding": 0,
                  }
                }
              />
            </div>
            <img
              alt="clear-marker-board-2-square-6"
              data-nimg="intrinsic"
              decoding="async"
              draggable="false"
              id="clear-marker-board-2-square-6"
              src="/_next/image?url=%2Fplayer-marker%2Fclear.png&w=640&q=75"
              srcSet="/_next/image?url=%2Fplayer-marker%2Fclear.png&w=256&q=75 1x, /_next/image?url=%2Fplayer-marker%2Fclear.png&w=640&q=75 2x"
              style={
                Object {
                  "border": "none",
                  "bottom": 0,
                  "boxSizing": "border-box",
                  "display": "block",
                  "height": 0,
                  "left": 0,
                  "margin": "auto",
                  "maxHeight": "100%",
                  "maxWidth": "100%",
                  "minHeight": "100%",
                  "minWidth": "100%",
                  "objectFit": undefined,
                  "objectPosition": undefined,
                  "padding": 0,
                  "position": "absolute",
                  "right": 0,
                  "top": 0,
                  "width": 0,
                }
              }
            />
            <noscript>
              <img
                alt="clear-marker-board-2-square-6"
                data-nimg="intrinsic"
                decoding="async"
                draggable="false"
                id="clear-marker-board-2-square-6"
                loading="lazy"
                src="/_next/image?url=%2Fplayer-marker%2Fclear.png&w=640&q=75"
                srcSet="/_next/image?url=%2Fplayer-marker%2Fclear.png&w=256&q=75 1x, /_next/image?url=%2Fplayer-marker%2Fclear.png&w=640&q=75 2x"
                style={
                  Object {
                    "border": "none",
                    "bottom": 0,
                    "boxSizing": "border-box",
                    "display": "block",
                    "height": 0,
                    "left": 0,
                    "margin": "auto",
                    "maxHeight": "100%",
                    "maxWidth": "100%",
                    "minHeight": "100%",
                    "minWidth": "100%",
                    "objectFit": undefined,
                    "objectPosition": undefined,
                    "padding": 0,
                    "position": "absolute",
                    "right": 0,
                    "top": 0,
                    "width": 0,
                  }
                }
              />
            </noscript>
          </div>
        </button>
      </div>
      <div>
        <button
          className="square"
          id="board-2-square-7"
          onClick={[Function]}
        >
          <div
            style={
              Object {
                "boxSizing": "border-box",
                "display": "inline-block",
                "margin": 0,
                "maxWidth": "100%",
                "overflow": "hidden",
                "position": "relative",
              }
            }
          >
            <div
              style={
                Object {
                  "boxSizing": "border-box",
                  "display": "block",
                  "maxWidth": "100%",
                }
              }
            >
              <img
                alt=""
                aria-hidden={true}
                src="data:image/svg+xml;base64,PHN2ZyB3aWR0aD0iMjAwIiBoZWlnaHQ9IjIwMCIgeG1sbnM9Imh0dHA6Ly93d3cudzMub3JnLzIwMDAvc3ZnIiB2ZXJzaW9uPSIxLjEiLz4="
                style={
                  Object {
                    "border": "none",
                    "display": "block",
                    "margin": 0,
                    "maxWidth": "100%",
                    "padding": 0,
                  }
                }
              />
            </div>
            <img
              alt="clear-marker-board-2-square-7"
              data-nimg="intrinsic"
              decoding="async"
              draggable="false"
              id="clear-marker-board-2-square-7"
              src="/_next/image?url=%2Fplayer-marker%2Fclear.png&w=640&q=75"
              srcSet="/_next/image?url=%2Fplayer-marker%2Fclear.png&w=256&q=75 1x, /_next/image?url=%2Fplayer-marker%2Fclear.png&w=640&q=75 2x"
              style={
                Object {
                  "border": "none",
                  "bottom": 0,
                  "boxSizing": "border-box",
                  "display": "block",
                  "height": 0,
                  "left": 0,
                  "margin": "auto",
                  "maxHeight": "100%",
                  "maxWidth": "100%",
                  "minHeight": "100%",
                  "minWidth": "100%",
                  "objectFit": undefined,
                  "objectPosition": undefined,
                  "padding": 0,
                  "position": "absolute",
                  "right": 0,
                  "top": 0,
                  "width": 0,
                }
              }
            />
            <noscript>
              <img
                alt="clear-marker-board-2-square-7"
                data-nimg="intrinsic"
                decoding="async"
                draggable="false"
                id="clear-marker-board-2-square-7"
                loading="lazy"
                src="/_next/image?url=%2Fplayer-marker%2Fclear.png&w=640&q=75"
                srcSet="/_next/image?url=%2Fplayer-marker%2Fclear.png&w=256&q=75 1x, /_next/image?url=%2Fplayer-marker%2Fclear.png&w=640&q=75 2x"
                style={
                  Object {
                    "border": "none",
                    "bottom": 0,
                    "boxSizing": "border-box",
                    "display": "block",
                    "height": 0,
                    "left": 0,
                    "margin": "auto",
                    "maxHeight": "100%",
                    "maxWidth": "100%",
                    "minHeight": "100%",
                    "minWidth": "100%",
                    "objectFit": undefined,
                    "objectPosition": undefined,
                    "padding": 0,
                    "position": "absolute",
                    "right": 0,
                    "top": 0,
                    "width": 0,
                  }
                }
              />
            </noscript>
          </div>
        </button>
        <button
          className="square"
          id="board-2-square-8"
          onClick={[Function]}
        >
          <div
            style={
              Object {
                "boxSizing": "border-box",
                "display": "inline-block",
                "margin": 0,
                "maxWidth": "100%",
                "overflow": "hidden",
                "position": "relative",
              }
            }
          >
            <div
              style={
                Object {
                  "boxSizing": "border-box",
                  "display": "block",
                  "maxWidth": "100%",
                }
              }
            >
              <img
                alt=""
                aria-hidden={true}
                src="data:image/svg+xml;base64,PHN2ZyB3aWR0aD0iMjAwIiBoZWlnaHQ9IjIwMCIgeG1sbnM9Imh0dHA6Ly93d3cudzMub3JnLzIwMDAvc3ZnIiB2ZXJzaW9uPSIxLjEiLz4="
                style={
                  Object {
                    "border": "none",
                    "display": "block",
                    "margin": 0,
                    "maxWidth": "100%",
                    "padding": 0,
                  }
                }
              />
            </div>
            <img
              alt="clear-marker-board-2-square-8"
              data-nimg="intrinsic"
              decoding="async"
              draggable="false"
              id="clear-marker-board-2-square-8"
              src="/_next/image?url=%2Fplayer-marker%2Fclear.png&w=640&q=75"
              srcSet="/_next/image?url=%2Fplayer-marker%2Fclear.png&w=256&q=75 1x, /_next/image?url=%2Fplayer-marker%2Fclear.png&w=640&q=75 2x"
              style={
                Object {
                  "border": "none",
                  "bottom": 0,
                  "boxSizing": "border-box",
                  "display": "block",
                  "height": 0,
                  "left": 0,
                  "margin": "auto",
                  "maxHeight": "100%",
                  "maxWidth": "100%",
                  "minHeight": "100%",
                  "minWidth": "100%",
                  "objectFit": undefined,
                  "objectPosition": undefined,
                  "padding": 0,
                  "position": "absolute",
                  "right": 0,
                  "top": 0,
                  "width": 0,
                }
              }
            />
            <noscript>
              <img
                alt="clear-marker-board-2-square-8"
                data-nimg="intrinsic"
                decoding="async"
                draggable="false"
                id="clear-marker-board-2-square-8"
                loading="lazy"
                src="/_next/image?url=%2Fplayer-marker%2Fclear.png&w=640&q=75"
                srcSet="/_next/image?url=%2Fplayer-marker%2Fclear.png&w=256&q=75 1x, /_next/image?url=%2Fplayer-marker%2Fclear.png&w=640&q=75 2x"
                style={
                  Object {
                    "border": "none",
                    "bottom": 0,
                    "boxSizing": "border-box",
                    "display": "block",
                    "height": 0,
                    "left": 0,
                    "margin": "auto",
                    "maxHeight": "100%",
                    "maxWidth": "100%",
                    "minHeight": "100%",
                    "minWidth": "100%",
                    "objectFit": undefined,
                    "objectPosition": undefined,
                    "padding": 0,
                    "position": "absolute",
                    "right": 0,
                    "top": 0,
                    "width": 0,
                  }
                }
              />
            </noscript>
          </div>
        </button>
        <button
          className="square"
          id="board-2-square-9"
          onClick={[Function]}
        >
          <div
            style={
              Object {
                "boxSizing": "border-box",
                "display": "inline-block",
                "margin": 0,
                "maxWidth": "100%",
                "overflow": "hidden",
                "position": "relative",
              }
            }
          >
            <div
              style={
                Object {
                  "boxSizing": "border-box",
                  "display": "block",
                  "maxWidth": "100%",
                }
              }
            >
              <img
                alt=""
                aria-hidden={true}
                src="data:image/svg+xml;base64,PHN2ZyB3aWR0aD0iMjAwIiBoZWlnaHQ9IjIwMCIgeG1sbnM9Imh0dHA6Ly93d3cudzMub3JnLzIwMDAvc3ZnIiB2ZXJzaW9uPSIxLjEiLz4="
                style={
                  Object {
                    "border": "none",
                    "display": "block",
                    "margin": 0,
                    "maxWidth": "100%",
                    "padding": 0,
                  }
                }
              />
            </div>
            <img
              alt="clear-marker-board-2-square-9"
              data-nimg="intrinsic"
              decoding="async"
              draggable="false"
              id="clear-marker-board-2-square-9"
              src="/_next/image?url=%2Fplayer-marker%2Fclear.png&w=640&q=75"
              srcSet="/_next/image?url=%2Fplayer-marker%2Fclear.png&w=256&q=75 1x, /_next/image?url=%2Fplayer-marker%2Fclear.png&w=640&q=75 2x"
              style={
                Object {
                  "border": "none",
                  "bottom": 0,
                  "boxSizing": "border-box",
                  "display": "block",
                  "height": 0,
                  "left": 0,
                  "margin": "auto",
                  "maxHeight": "100%",
                  "maxWidth": "100%",
                  "minHeight": "100%",
                  "minWidth": "100%",
                  "objectFit": undefined,
                  "objectPosition": undefined,
                  "padding": 0,
                  "position": "absolute",
                  "right": 0,
                  "top": 0,
                  "width": 0,
                }
              }
            />
            <noscript>
              <img
                alt="clear-marker-board-2-square-9"
                data-nimg="intrinsic"
                decoding="async"
                draggable="false"
                id="clear-marker-board-2-square-9"
                loading="lazy"
                src="/_next/image?url=%2Fplayer-marker%2Fclear.png&w=640&q=75"
                srcSet="/_next/image?url=%2Fplayer-marker%2Fclear.png&w=256&q=75 1x, /_next/image?url=%2Fplayer-marker%2Fclear.png&w=640&q=75 2x"
                style={
                  Object {
                    "border": "none",
                    "bottom": 0,
                    "boxSizing": "border-box",
                    "display": "block",
                    "height": 0,
                    "left": 0,
                    "margin": "auto",
                    "maxHeight": "100%",
                    "maxWidth": "100%",
                    "minHeight": "100%",
                    "minWidth": "100%",
                    "objectFit": undefined,
                    "objectPosition": undefined,
                    "padding": 0,
                    "position": "absolute",
                    "right": 0,
                    "top": 0,
                    "width": 0,
                  }
                }
              />
            </noscript>
          </div>
        </button>
      </div>
    </div>
  </div>
  <div
    className="boardTitle"
  />
</div>
`;
