// Jest Snapshot v1, https://goo.gl/fbAQLP

exports[`render 1`] = `
<div>
  <div
    className="topBar"
  >
    <div
      className="timerView timerViewActiveX"
    >
      <div
        className="timerViewImage"
      >
        <div
          style={
            Object {
              "boxSizing": "border-box",
              "display": "inline-block",
              "margin": 0,
              "maxWidth": "100%",
              "overflow": "hidden",
              "position": "relative",
            }
          }
        >
          <div
            style={
              Object {
                "boxSizing": "border-box",
                "display": "block",
                "maxWidth": "100%",
              }
            }
          >
            <img
              alt=""
              aria-hidden={true}
              src="data:image/svg+xml;base64,PHN2ZyB3aWR0aD0iMjUiIGhlaWdodD0iMjUiIHhtbG5zPSJodHRwOi8vd3d3LnczLm9yZy8yMDAwL3N2ZyIgdmVyc2lvbj0iMS4xIi8+"
              style={
                Object {
                  "border": "none",
                  "display": "block",
                  "margin": 0,
                  "maxWidth": "100%",
                  "padding": 0,
                }
              }
            />
          </div>
          <img
            alt="x-marker-timer-view"
            data-nimg="intrinsic"
            decoding="async"
            draggable="false"
            id="x-marker-timer-view"
            src="/_next/image?url=%2Fplayer-marker%2Fx.png&w=64&q=75"
            srcSet="/_next/image?url=%2Fplayer-marker%2Fx.png&w=32&q=75 1x, /_next/image?url=%2Fplayer-marker%2Fx.png&w=64&q=75 2x"
            style={
              Object {
                "border": "none",
                "bottom": 0,
                "boxSizing": "border-box",
                "display": "block",
                "height": 0,
                "left": 0,
                "margin": "auto",
                "maxHeight": "100%",
                "maxWidth": "100%",
                "minHeight": "100%",
                "minWidth": "100%",
                "objectFit": undefined,
                "objectPosition": undefined,
                "padding": 0,
                "position": "absolute",
                "right": 0,
                "top": 0,
                "width": 0,
              }
            }
          />
          <noscript>
            <img
              alt="x-marker-timer-view"
              data-nimg="intrinsic"
              decoding="async"
              draggable="false"
              id="x-marker-timer-view"
              loading="lazy"
              src="/_next/image?url=%2Fplayer-marker%2Fx.png&w=64&q=75"
              srcSet="/_next/image?url=%2Fplayer-marker%2Fx.png&w=32&q=75 1x, /_next/image?url=%2Fplayer-marker%2Fx.png&w=64&q=75 2x"
              style={
                Object {
                  "border": "none",
                  "bottom": 0,
                  "boxSizing": "border-box",
                  "display": "block",
                  "height": 0,
                  "left": 0,
                  "margin": "auto",
                  "maxHeight": "100%",
                  "maxWidth": "100%",
                  "minHeight": "100%",
                  "minWidth": "100%",
                  "objectFit": undefined,
                  "objectPosition": undefined,
                  "padding": 0,
                  "position": "absolute",
                  "right": 0,
                  "top": 0,
                  "width": 0,
                }
              }
            />
          </noscript>
        </div>
      </div>
      <div
        className="timerViewText timerViewX "
        id="Xplayer-remaining-time"
      >
        00:10.00
      </div>
    </div>
    <div
      className="textDisplay"
      id="text-display-view"
    >
      X Goes First
    </div>
    <div
      className="timerView timerViewInactive"
    >
      <div
        className="timerViewImage"
      >
        <div
          style={
            Object {
              "boxSizing": "border-box",
              "display": "inline-block",
              "margin": 0,
              "maxWidth": "100%",
              "overflow": "hidden",
              "position": "relative",
            }
          }
        >
          <div
            style={
              Object {
                "boxSizing": "border-box",
                "display": "block",
                "maxWidth": "100%",
              }
            }
          >
            <img
              alt=""
              aria-hidden={true}
              src="data:image/svg+xml;base64,PHN2ZyB3aWR0aD0iMjUiIGhlaWdodD0iMjUiIHhtbG5zPSJodHRwOi8vd3d3LnczLm9yZy8yMDAwL3N2ZyIgdmVyc2lvbj0iMS4xIi8+"
              style={
                Object {
                  "border": "none",
                  "display": "block",
                  "margin": 0,
                  "maxWidth": "100%",
                  "padding": 0,
                }
              }
            />
          </div>
          <img
            alt="o-marker-timer-view"
            data-nimg="intrinsic"
            decoding="async"
            draggable="false"
            id="o-marker-timer-view"
            src="/_next/image?url=%2Fplayer-marker%2Fo.png&w=64&q=75"
            srcSet="/_next/image?url=%2Fplayer-marker%2Fo.png&w=32&q=75 1x, /_next/image?url=%2Fplayer-marker%2Fo.png&w=64&q=75 2x"
            style={
              Object {
                "border": "none",
                "bottom": 0,
                "boxSizing": "border-box",
                "display": "block",
                "height": 0,
                "left": 0,
                "margin": "auto",
                "maxHeight": "100%",
                "maxWidth": "100%",
                "minHeight": "100%",
                "minWidth": "100%",
                "objectFit": undefined,
                "objectPosition": undefined,
                "padding": 0,
                "position": "absolute",
                "right": 0,
                "top": 0,
                "width": 0,
              }
            }
          />
          <noscript>
            <img
              alt="o-marker-timer-view"
              data-nimg="intrinsic"
              decoding="async"
              draggable="false"
              id="o-marker-timer-view"
              loading="lazy"
              src="/_next/image?url=%2Fplayer-marker%2Fo.png&w=64&q=75"
              srcSet="/_next/image?url=%2Fplayer-marker%2Fo.png&w=32&q=75 1x, /_next/image?url=%2Fplayer-marker%2Fo.png&w=64&q=75 2x"
              style={
                Object {
                  "border": "none",
                  "bottom": 0,
                  "boxSizing": "border-box",
                  "display": "block",
                  "height": 0,
                  "left": 0,
                  "margin": "auto",
                  "maxHeight": "100%",
                  "maxWidth": "100%",
                  "minHeight": "100%",
                  "minWidth": "100%",
                  "objectFit": undefined,
                  "objectPosition": undefined,
                  "padding": 0,
                  "position": "absolute",
                  "right": 0,
                  "top": 0,
                  "width": 0,
                }
              }
            />
          </noscript>
        </div>
      </div>
      <div
        className="timerViewText timerViewO "
        id="Oplayer-remaining-time"
      >
        00:10.00
      </div>
    </div>
  </div>
  <div
    className="timeInputView undefined "
    id="time-input-view"
  >
    <div
      className="timeInputText"
    >
      Starting Time:
    </div>
    <input
      className="timeInput"
      defaultValue="10"
      id="time-input"
      maxLength="5"
      onKeyDown={[Function]}
      onKeyUp={[Function]}
      type="text"
    />
  </div>
  <div
    className="boards"
  >
    <div
      className="board"
    >
      <div
        className="boardImage"
      >
        <div
          style={
            Object {
              "boxSizing": "border-box",
              "display": "inline-block",
              "margin": 0,
              "maxWidth": "100%",
              "overflow": "hidden",
              "position": "relative",
            }
          }
        >
          <div
            style={
              Object {
                "boxSizing": "border-box",
                "display": "block",
                "maxWidth": "100%",
              }
            }
          >
            <img
              alt=""
              aria-hidden={true}
              src="data:image/svg+xml;base64,PHN2ZyB3aWR0aD0iMzMwIiBoZWlnaHQ9IjMzMCIgeG1sbnM9Imh0dHA6Ly93d3cudzMub3JnLzIwMDAvc3ZnIiB2ZXJzaW9uPSIxLjEiLz4="
              style={
                Object {
                  "border": "none",
                  "display": "block",
                  "margin": 0,
                  "maxWidth": "100%",
                  "padding": 0,
                }
              }
            />
          </div>
          <img
            alt="board-0"
            data-nimg="intrinsic"
            decoding="async"
            draggable="false"
            id="board-0"
            src="/_next/image?url=%2Fboard.png&w=750&q=75"
            srcSet="/_next/image?url=%2Fboard.png&w=384&q=75 1x, /_next/image?url=%2Fboard.png&w=750&q=75 2x"
            style={
              Object {
                "border": "none",
                "bottom": 0,
                "boxSizing": "border-box",
                "display": "block",
                "height": 0,
                "left": 0,
                "margin": "auto",
                "maxHeight": "100%",
                "maxWidth": "100%",
                "minHeight": "100%",
                "minWidth": "100%",
                "objectFit": undefined,
                "objectPosition": undefined,
                "padding": 0,
                "position": "absolute",
                "right": 0,
                "top": 0,
                "width": 0,
              }
            }
          />
          <noscript>
            <img
              alt="board-0"
              data-nimg="intrinsic"
              decoding="async"
              draggable="false"
              id="board-0"
              loading="lazy"
              src="/_next/image?url=%2Fboard.png&w=750&q=75"
              srcSet="/_next/image?url=%2Fboard.png&w=384&q=75 1x, /_next/image?url=%2Fboard.png&w=750&q=75 2x"
              style={
                Object {
                  "border": "none",
                  "bottom": 0,
                  "boxSizing": "border-box",
                  "display": "block",
                  "height": 0,
                  "left": 0,
                  "margin": "auto",
                  "maxHeight": "100%",
                  "maxWidth": "100%",
                  "minHeight": "100%",
                  "minWidth": "100%",
                  "objectFit": undefined,
                  "objectPosition": undefined,
                  "padding": 0,
                  "position": "absolute",
                  "right": 0,
                  "top": 0,
                  "width": 0,
                }
              }
            />
          </noscript>
        </div>
      </div>
      <div
        className="boardSquares"
      >
        <div>
          <button
            className="square"
            id="board-1-square-1"
            onClick={[Function]}
          >
            <svg
              height={79}
              width={79}
            >
              <rect
                className="clear"
                height={79}
                width={79}
              />
            </svg>
          </button>
          <button
            className="square"
            id="board-1-square-2"
            onClick={[Function]}
          >
            <svg
              height={79}
              width={79}
            >
              <rect
                className="clear"
                height={79}
                width={79}
              />
            </svg>
          </button>
          <button
            className="square"
            id="board-1-square-3"
            onClick={[Function]}
          >
            <svg
              height={79}
              width={79}
            >
              <rect
                className="clear"
                height={79}
                width={79}
              />
            </svg>
          </button>
        </div>
        <div>
          <button
            className="square"
            id="board-1-square-4"
            onClick={[Function]}
          >
            <svg
              height={79}
              width={79}
            >
              <rect
                className="clear"
                height={79}
                width={79}
              />
            </svg>
          </button>
          <button
            className="square"
            id="board-1-square-5"
            onClick={[Function]}
          >
            <svg
              height={79}
              width={79}
            >
              <rect
                className="clear"
                height={79}
                width={79}
              />
            </svg>
          </button>
          <button
            className="square"
            id="board-1-square-6"
            onClick={[Function]}
          >
            <svg
              height={79}
              width={79}
            >
              <rect
                className="clear"
                height={79}
                width={79}
              />
            </svg>
          </button>
        </div>
        <div>
          <button
            className="square"
            id="board-1-square-7"
            onClick={[Function]}
          >
            <svg
              height={79}
              width={79}
            >
              <rect
                className="clear"
                height={79}
                width={79}
              />
            </svg>
          </button>
          <button
            className="square"
            id="board-1-square-8"
            onClick={[Function]}
          >
            <svg
              height={79}
              width={79}
            >
              <rect
                className="clear"
                height={79}
                width={79}
              />
            </svg>
          </button>
          <button
            className="square"
            id="board-1-square-9"
            onClick={[Function]}
          >
            <svg
              height={79}
              width={79}
            >
              <rect
                className="clear"
                height={79}
                width={79}
              />
            </svg>
          </button>
        </div>
      </div>
      <div
        className="boardTitle"
      >
        Top
      </div>
    </div>
    <div
      className="board"
    >
      <div
        className="boardImage"
      >
        <div
          style={
            Object {
              "boxSizing": "border-box",
              "display": "inline-block",
              "margin": 0,
              "maxWidth": "100%",
              "overflow": "hidden",
              "position": "relative",
            }
          }
        >
          <div
            style={
              Object {
                "boxSizing": "border-box",
                "display": "block",
                "maxWidth": "100%",
              }
            }
          >
            <img
              alt=""
              aria-hidden={true}
              src="data:image/svg+xml;base64,PHN2ZyB3aWR0aD0iMzMwIiBoZWlnaHQ9IjMzMCIgeG1sbnM9Imh0dHA6Ly93d3cudzMub3JnLzIwMDAvc3ZnIiB2ZXJzaW9uPSIxLjEiLz4="
              style={
                Object {
                  "border": "none",
                  "display": "block",
                  "margin": 0,
                  "maxWidth": "100%",
                  "padding": 0,
                }
              }
            />
          </div>
          <img
            alt="board-1"
            data-nimg="intrinsic"
            decoding="async"
            draggable="false"
            id="board-1"
            src="/_next/image?url=%2Fboard.png&w=750&q=75"
            srcSet="/_next/image?url=%2Fboard.png&w=384&q=75 1x, /_next/image?url=%2Fboard.png&w=750&q=75 2x"
            style={
              Object {
                "border": "none",
                "bottom": 0,
                "boxSizing": "border-box",
                "display": "block",
                "height": 0,
                "left": 0,
                "margin": "auto",
                "maxHeight": "100%",
                "maxWidth": "100%",
                "minHeight": "100%",
                "minWidth": "100%",
                "objectFit": undefined,
                "objectPosition": undefined,
                "padding": 0,
                "position": "absolute",
                "right": 0,
                "top": 0,
                "width": 0,
              }
            }
          />
          <noscript>
            <img
              alt="board-1"
              data-nimg="intrinsic"
              decoding="async"
              draggable="false"
              id="board-1"
              loading="lazy"
              src="/_next/image?url=%2Fboard.png&w=750&q=75"
              srcSet="/_next/image?url=%2Fboard.png&w=384&q=75 1x, /_next/image?url=%2Fboard.png&w=750&q=75 2x"
              style={
                Object {
                  "border": "none",
                  "bottom": 0,
                  "boxSizing": "border-box",
                  "display": "block",
                  "height": 0,
                  "left": 0,
                  "margin": "auto",
                  "maxHeight": "100%",
                  "maxWidth": "100%",
                  "minHeight": "100%",
                  "minWidth": "100%",
                  "objectFit": undefined,
                  "objectPosition": undefined,
                  "padding": 0,
                  "position": "absolute",
                  "right": 0,
                  "top": 0,
                  "width": 0,
                }
              }
            />
          </noscript>
        </div>
      </div>
      <div
        className="boardSquares"
      >
        <div>
          <button
            className="square"
            id="board-2-square-1"
            onClick={[Function]}
          >
            <svg
              height={79}
              width={79}
            >
              <rect
                className="clear"
                height={79}
                width={79}
              />
            </svg>
          </button>
          <button
            className="square"
            id="board-2-square-2"
            onClick={[Function]}
          >
            <svg
              height={79}
              width={79}
            >
              <rect
                className="clear"
                height={79}
                width={79}
              />
            </svg>
          </button>
          <button
            className="square"
            id="board-2-square-3"
            onClick={[Function]}
          >
            <svg
              height={79}
              width={79}
            >
              <rect
                className="clear"
                height={79}
                width={79}
              />
            </svg>
          </button>
        </div>
        <div>
          <button
            className="square"
            id="board-2-square-4"
            onClick={[Function]}
          >
            <svg
              height={79}
              width={79}
            >
              <rect
                className="clear"
                height={79}
                width={79}
              />
            </svg>
          </button>
          <button
            className="square"
            id="board-2-square-5"
            onClick={[Function]}
          >
            <svg
              height={79}
              width={79}
            >
              <rect
                className="clear"
                height={79}
                width={79}
              />
            </svg>
          </button>
          <button
            className="square"
            id="board-2-square-6"
            onClick={[Function]}
          >
            <svg
              height={79}
              width={79}
            >
              <rect
                className="clear"
                height={79}
                width={79}
              />
            </svg>
          </button>
        </div>
        <div>
          <button
            className="square"
            id="board-2-square-7"
            onClick={[Function]}
          >
            <svg
              height={79}
              width={79}
            >
              <rect
                className="clear"
                height={79}
                width={79}
              />
            </svg>
          </button>
          <button
            className="square"
            id="board-2-square-8"
            onClick={[Function]}
          >
            <svg
              height={79}
              width={79}
            >
              <rect
                className="clear"
                height={79}
                width={79}
              />
            </svg>
          </button>
          <button
            className="square"
            id="board-2-square-9"
            onClick={[Function]}
          >
            <svg
              height={79}
              width={79}
            >
              <rect
                className="clear"
                height={79}
                width={79}
              />
            </svg>
          </button>
        </div>
      </div>
      <div
        className="boardTitle"
      >
        Middle
      </div>
    </div>
    <div
      className="board"
    >
      <div
        className="boardImage"
      >
        <div
          style={
            Object {
              "boxSizing": "border-box",
              "display": "inline-block",
              "margin": 0,
              "maxWidth": "100%",
              "overflow": "hidden",
              "position": "relative",
            }
          }
        >
          <div
            style={
              Object {
                "boxSizing": "border-box",
                "display": "block",
                "maxWidth": "100%",
              }
            }
          >
            <img
              alt=""
              aria-hidden={true}
              src="data:image/svg+xml;base64,PHN2ZyB3aWR0aD0iMzMwIiBoZWlnaHQ9IjMzMCIgeG1sbnM9Imh0dHA6Ly93d3cudzMub3JnLzIwMDAvc3ZnIiB2ZXJzaW9uPSIxLjEiLz4="
              style={
                Object {
                  "border": "none",
                  "display": "block",
                  "margin": 0,
                  "maxWidth": "100%",
                  "padding": 0,
                }
              }
            />
          </div>
          <img
            alt="board-2"
            data-nimg="intrinsic"
            decoding="async"
            draggable="false"
            id="board-2"
            src="/_next/image?url=%2Fboard.png&w=750&q=75"
            srcSet="/_next/image?url=%2Fboard.png&w=384&q=75 1x, /_next/image?url=%2Fboard.png&w=750&q=75 2x"
            style={
              Object {
                "border": "none",
                "bottom": 0,
                "boxSizing": "border-box",
                "display": "block",
                "height": 0,
                "left": 0,
                "margin": "auto",
                "maxHeight": "100%",
                "maxWidth": "100%",
                "minHeight": "100%",
                "minWidth": "100%",
                "objectFit": undefined,
                "objectPosition": undefined,
                "padding": 0,
                "position": "absolute",
                "right": 0,
                "top": 0,
                "width": 0,
              }
            }
          />
          <noscript>
            <img
              alt="board-2"
              data-nimg="intrinsic"
              decoding="async"
              draggable="false"
              id="board-2"
              loading="lazy"
              src="/_next/image?url=%2Fboard.png&w=750&q=75"
              srcSet="/_next/image?url=%2Fboard.png&w=384&q=75 1x, /_next/image?url=%2Fboard.png&w=750&q=75 2x"
              style={
                Object {
                  "border": "none",
                  "bottom": 0,
                  "boxSizing": "border-box",
                  "display": "block",
                  "height": 0,
                  "left": 0,
                  "margin": "auto",
                  "maxHeight": "100%",
                  "maxWidth": "100%",
                  "minHeight": "100%",
                  "minWidth": "100%",
                  "objectFit": undefined,
                  "objectPosition": undefined,
                  "padding": 0,
                  "position": "absolute",
                  "right": 0,
                  "top": 0,
                  "width": 0,
                }
              }
            />
          </noscript>
        </div>
      </div>
      <div
        className="boardSquares"
      >
        <div>
          <button
            className="square"
            id="board-3-square-1"
            onClick={[Function]}
          >
            <svg
              height={79}
              width={79}
            >
              <rect
                className="clear"
                height={79}
                width={79}
              />
            </svg>
          </button>
          <button
            className="square"
            id="board-3-square-2"
            onClick={[Function]}
          >
            <svg
              height={79}
              width={79}
            >
              <rect
                className="clear"
                height={79}
                width={79}
              />
            </svg>
          </button>
          <button
            className="square"
            id="board-3-square-3"
            onClick={[Function]}
          >
            <svg
              height={79}
              width={79}
            >
              <rect
                className="clear"
                height={79}
                width={79}
              />
            </svg>
          </button>
        </div>
        <div>
          <button
            className="square"
            id="board-3-square-4"
            onClick={[Function]}
          >
            <svg
              height={79}
              width={79}
            >
              <rect
                className="clear"
                height={79}
                width={79}
              />
            </svg>
          </button>
          <button
            className="square"
            id="board-3-square-5"
            onClick={[Function]}
          >
            <svg
              height={79}
              width={79}
            >
              <rect
                className="clear"
                height={79}
                width={79}
              />
            </svg>
          </button>
          <button
            className="square"
            id="board-3-square-6"
            onClick={[Function]}
          >
            <svg
              height={79}
              width={79}
            >
              <rect
                className="clear"
                height={79}
                width={79}
              />
            </svg>
          </button>
        </div>
        <div>
          <button
            className="square"
            id="board-3-square-7"
            onClick={[Function]}
          >
            <svg
              height={79}
              width={79}
            >
              <rect
                className="clear"
                height={79}
                width={79}
              />
            </svg>
          </button>
          <button
            className="square"
            id="board-3-square-8"
            onClick={[Function]}
          >
            <svg
              height={79}
              width={79}
            >
              <rect
                className="clear"
                height={79}
                width={79}
              />
            </svg>
          </button>
          <button
            className="square"
            id="board-3-square-9"
            onClick={[Function]}
          >
            <svg
              height={79}
              width={79}
            >
              <rect
                className="clear"
                height={79}
                width={79}
              />
            </svg>
          </button>
        </div>
      </div>
      <div
        className="boardTitle"
      >
        Bottom
      </div>
    </div>
  </div>
</div>
`;
