// Jest Snapshot v1, https://goo.gl/fbAQLP

exports[`render empty 1`] = `
<button
  className="square"
  id="board-2-square-2"
  onClick={[Function]}
>
  <svg
    height={79}
    width={79}
  >
    <rect
      className="clear"
      height={79}
      width={79}
    />
  </svg>
</button>
`;

exports[`render o 1`] = `
<button
  className="square"
  id="board-2-square-2"
  onClick={[Function]}
>
  <svg
    height={79}
    width={79}
  >
    <rect
      className="clear"
      height={79}
      width={79}
    />
  </svg>
</button>
`;

exports[`render x 1`] = `
<button
  className="square"
  id="board-2-square-2"
  onClick={[Function]}
>
  <svg
    height={79}
    width={79}
  >
    <rect
      className="clear"
      height={79}
      width={79}
    />
  </svg>
</button>
`;
